// Jest Snapshot v1, https://goo.gl/fbAQLP

exports[`renders correctly Logo 1`] = `
<h3
  className="logo"
>
  <span
    className="logo--bold"
  >
    netflix
  </span>
  roulette
</h3>
`;
